
==== task start Sun 20/09/2026  1:16:05.99 interpreter=C:\Users\Aaron\AppData\Local\Programs\Python\Python314\python.exe capture=SCHEDULER_VALIDATION ====
[bf8ee2d266974238] start 2026-09-20T01:16:06.128470+08:00 (scheduled 2026-09-19T11:00:00+08:00)
[bf8ee2d266974238] snapshot 2026-09-19/131606_ET funds_ok=5/5 verified=True
[bf8ee2d266974238] status=COMPLETED exit=0
==== task end   Sun 20/09/2026  1:16:15.53 exit=0 ====

==== task start Mon 21/09/2026 18:38:31.52 interpreter=C:\Users\Aaron\AppData\Local\Programs\Python\Python314\python.exe capture=ROUTINE_FORWARD_COLLECTION ====
[d58fd61d339045af] start 2026-09-21T18:38:31.627316+08:00 (scheduled 2026-09-21T11:00:00+08:00)
[d58fd61d339045af] snapshot 2026-09-21/063831_ET funds_ok=5/5 verified=True
[d58fd61d339045af] status=COMPLETED exit=0
==== task end   Mon 21/09/2026 18:38:40.83 exit=0 ====

==== task start Mon 21/09/2026 18:39:16.81 interpreter=C:\Users\Aaron\AppData\Local\Programs\Python\Python314\python.exe capture=ROUTINE_FORWARD_COLLECTION ====
[b28669694a824de2] start 2026-09-21T18:39:16.905831+08:00 (scheduled 2026-09-21T11:00:00+08:00)
[b28669694a824de2] snapshot 2026-09-21/063916_ET funds_ok=5/5 verified=True
[b28669694a824de2] status=COMPLETED exit=0
==== task end   Mon 21/09/2026 18:39:26.24 exit=0 ====

==== task start Mon 21/09/2026 18:45:54.59 interpreter=C:\Users\Aaron\AppData\Local\Programs\Python\Python314\python.exe capture=ROUTINE_FORWARD_COLLECTION ====
[55ce8500970c40b6] start 2026-09-21T18:45:54.693360+08:00 (scheduled 2026-09-21T11:00:00+08:00)
[55ce8500970c40b6] snapshot 2026-09-21/064554_ET funds_ok=5/5 verified=True
[55ce8500970c40b6] status=COMPLETED exit=0
==== task end   Mon 21/09/2026 18:46:03.95 exit=0 ====

==== task start Mon 21/09/2026 19:00:42.25 interpreter=C:\Users\Aaron\AppData\Local\Programs\Python\Python314\python.exe capture=ROUTINE_FORWARD_COLLECTION ====
[e344c422b6e14334] start 2026-09-21T19:00:42.385084+08:00 (scheduled 2026-09-21T11:00:00+08:00)
[e344c422b6e14334] snapshot 2026-09-21/070042_ET funds_ok=5/5 verified=True
[e344c422b6e14334] status=COMPLETED exit=0
==== task end   Mon 21/09/2026 19:00:51.82 exit=0 ====

==== task start Tue 22/09/2026 11:00:04.14 interpreter=C:\Users\Aaron\AppData\Local\Programs\Python\Python314\python.exe capture=ROUTINE_FORWARD_COLLECTION ====
[d514f67ba47346cf] start 2026-09-22T11:00:04.621624+08:00 (scheduled 2026-09-22T11:00:00+08:00)
[d514f67ba47346cf] snapshot 2026-09-21/230004_ET funds_ok=5/5 verified=True
[d514f67ba47346cf] status=COMPLETED exit=0
==== task end   Tue 22/09/2026 11:00:14.41 exit=0 ====

==== task start Wed 23/09/2026 11:00:03.75 interpreter=C:\Users\Aaron\AppData\Local\Programs\Python\Python314\python.exe capture=ROUTINE_FORWARD_COLLECTION ====
[efb9bf996a9b44af] start 2026-09-23T11:00:04.152602+08:00 (scheduled 2026-09-23T11:00:00+08:00)
[efb9bf996a9b44af] snapshot 2026-09-22/230004_ET funds_ok=5/5 verified=True
[efb9bf996a9b44af] status=COMPLETED exit=0
==== task end   Wed 23/09/2026 11:00:13.91 exit=0 ====

==== task start Thu 24/09/2026 11:00:03.95 interpreter=C:\Users\Aaron\AppData\Local\Programs\Python\Python314\python.exe capture=ROUTINE_FORWARD_COLLECTION ====
[04ec51c856904e8b] start 2026-09-24T11:00:04.269697+08:00 (scheduled 2026-09-24T11:00:00+08:00)
[04ec51c856904e8b] snapshot 2026-09-23/230004_ET funds_ok=5/5 verified=True
[04ec51c856904e8b] status=COMPLETED exit=0
==== task end   Thu 24/09/2026 11:00:14.47 exit=0 ====

==== task start Fri 25/09/2026 11:00:04.03 interpreter=C:\Users\Aaron\AppData\Local\Programs\Python\Python314\python.exe capture=ROUTINE_FORWARD_COLLECTION ====
[3eba2c658a5749d6] start 2026-09-25T11:00:04.367920+08:00 (scheduled 2026-09-25T11:00:00+08:00)
[3eba2c658a5749d6] snapshot 2026-09-24/230004_ET funds_ok=5/5 verified=True
[3eba2c658a5749d6] status=COMPLETED exit=0
==== task end   Fri 25/09/2026 11:00:14.28 exit=0 ====

==== task start Sat 26/09/2026 11:00:04.23 interpreter=C:\Users\Aaron\AppData\Local\Programs\Python\Python314\python.exe capture=ROUTINE_FORWARD_COLLECTION ====
[74ff8336c1724858] start 2026-09-26T11:00:05.025942+08:00 (scheduled 2026-09-26T11:00:00+08:00)
[74ff8336c1724858] snapshot 2026-09-25/230005_ET funds_ok=5/5 verified=True
[74ff8336c1724858] status=COMPLETED exit=0
==== task end   Sat 26/09/2026 11:00:14.87 exit=0 ====

==== task start Sun 27/09/2026 14:01:40.09 interpreter=C:\Users\Aaron\AppData\Local\Programs\Python\Python314\python.exe capture=ROUTINE_FORWARD_COLLECTION ====
[3d7338b703d34a0a] start 2026-09-27T14:01:43.839479+08:00 (scheduled 2026-09-27T11:00:00+08:00)
[3d7338b703d34a0a] snapshot 2026-09-27/020143_ET funds_ok=5/5 verified=True
[3d7338b703d34a0a] status=COMPLETED exit=0
==== task end   Sun 27/09/2026 14:01:54.45 exit=0 ====

==== task start Mon 28/09/2026 11:00:01.17 interpreter=C:\Users\Aaron\AppData\Local\Programs\Python\Python314\python.exe capture=ROUTINE_FORWARD_COLLECTION ====
[b8bba32d4ec04ea7] start 2026-09-28T11:00:01.473788+08:00 (scheduled 2026-09-28T11:00:00+08:00)
[b8bba32d4ec04ea7] snapshot 2026-09-27/230001_ET funds_ok=5/5 verified=True
[b8bba32d4ec04ea7] status=COMPLETED exit=0
==== task end   Mon 28/09/2026 11:00:11.88 exit=0 ====

==== task start Tue 29/09/2026 11:00:01.17 interpreter=C:\Users\Aaron\AppData\Local\Programs\Python\Python314\python.exe capture=ROUTINE_FORWARD_COLLECTION ====
[de96dd0f4d1c4eed] start 2026-09-29T11:00:01.459154+08:00 (scheduled 2026-09-29T11:00:00+08:00)
[de96dd0f4d1c4eed] snapshot 2026-09-28/230001_ET funds_ok=5/5 verified=True
[de96dd0f4d1c4eed] status=COMPLETED exit=0
==== task end   Tue 29/09/2026 11:00:10.95 exit=0 ====

==== task start Thu 01/10/2026  2:45:20.64 interpreter=C:\Users\Aaron\AppData\Local\Programs\Python\Python314\python.exe capture=ROUTINE_FORWARD_COLLECTION ====
[a32cb2fcf4424aad] start 2026-10-01T02:45:21.514440+08:00 (scheduled 2026-09-30T11:00:00+08:00)
[a32cb2fcf4424aad] snapshot 2026-09-30/144521_ET funds_ok=5/5 verified=True
[a32cb2fcf4424aad] status=COMPLETED exit=0
==== task end   Thu 01/10/2026  2:45:33.88 exit=0 ====

==== task start Thu 01/10/2026 11:00:01.68 interpreter=C:\Users\Aaron\AppData\Local\Programs\Python\Python314\python.exe capture=ROUTINE_FORWARD_COLLECTION ====
[43c8f8b4d9a8492c] start 2026-10-01T11:00:01.799396+08:00 (scheduled 2026-10-01T11:00:00+08:00)
[43c8f8b4d9a8492c] snapshot 2026-09-30/230001_ET funds_ok=5/5 verified=True
[43c8f8b4d9a8492c] status=COMPLETED exit=0
==== task end   Thu 01/10/2026 11:00:11.59 exit=0 ====

==== task start Fri 02/10/2026 11:00:01.72 interpreter=C:\Users\Aaron\AppData\Local\Programs\Python\Python314\python.exe capture=ROUTINE_FORWARD_COLLECTION ====
[1bc4654248f84863] start 2026-10-02T11:00:02.278192+08:00 (scheduled 2026-10-02T11:00:00+08:00)
[1bc4654248f84863] snapshot 2026-10-01/230002_ET funds_ok=5/5 verified=True
[1bc4654248f84863] status=COMPLETED exit=0
==== task end   Fri 02/10/2026 11:00:12.37 exit=0 ====
